
> abdisa-car-importer@0.0.0 build
> tsc -b && vite build

[36mvite v7.3.0 [32mbuilding client environment for production...[36m[39m
transforming...
[32mΓ£ô[39m 14 modules transformed.
node.exe : 
[31mΓ£ù[39m Build 
failed in 390ms
At C:\Program Files\n
odejs\npm.ps1:29 
char:3
+   & $NODE_EXE 
$NPM_CLI_JS $args
+   ~~~~~~~~~~~~~~~~~
~~~~~~~~~~~~
    + CategoryInfo   
           : NotSpe  
  cified: ([31mΓ£   
 ù[39m Build fai    
led in 390ms:Str    
ing) [], RemoteE    
xception
    + FullyQualified 
   ErrorId : Native  
  CommandError
 
[31merror during 
build:
[31m[vite:css] 
[postcss] It looks 
like you're trying 
to use `tailwindcss` 
directly as a 
PostCSS plugin. The 
PostCSS plugin has 
moved to a separate 
package, so to 
continue using 
Tailwind CSS with 
PostCSS you'll need 
to install `@tailwind
css/postcss` and 
update your PostCSS 
configuration.[31m
file: [36mC:/Users/u
ser/Desktop/20 
P/Abdisa Car Importer
/src/index.css:undefi
ned:NaN[31m
    at lt (C:\Users\u
ser\Desktop\20 
P\Abdisa Car Importer
\node_modules\tailwin
dcss\dist\lib.js:38:1
643)
    at 
LazyResult.runOnRoot 
(C:\Users\user\Deskto
p\20 P\Abdisa Car Imp
orter\node_modules\po
stcss\lib\lazy-result
.js:361:16)
    at 
LazyResult.runAsync (
C:\Users\user\Desktop
\20 P\Abdisa Car Impo
rter\node_modules\pos
tcss\lib\lazy-result.
js:290:26)
    at 
LazyResult.async (C:\
Users\user\Desktop\20
 P\Abdisa Car Importe
r\node_modules\postcs
s\lib\lazy-result.js:
192:30)
    at 
LazyResult.then (C:\U
sers\user\Desktop\20 
P\Abdisa Car Importer
\node_modules\postcss
\lib\lazy-result.js:4
36:17)[39m
